../mw/Third_Party/LwIP/src/apps/tftp/tftp_server.c:157:1:resend_data	16	static
../mw/Third_Party/LwIP/src/apps/tftp/tftp_server.c:139:1:send_ack	16	static
../mw/Third_Party/LwIP/src/apps/tftp/tftp_server.c:98:1:close_handle	16	static
../mw/Third_Party/LwIP/src/apps/tftp/tftp_server.c:118:1:send_error	32	static
../mw/Third_Party/LwIP/src/apps/tftp/tftp_server.c:174:1:send_data	16	static
../mw/Third_Party/LwIP/src/apps/tftp/tftp_server.c:204:1:recv	80	static
../mw/Third_Party/LwIP/src/apps/tftp/tftp_server.c:367:1:tftp_tmr	8	static
../mw/Third_Party/LwIP/src/apps/tftp/tftp_server.c:396:1:tftp_init	16	static
../mw/Third_Party/LwIP/src/apps/tftp/tftp_server.c:427:6:tftp_cleanup	8	static
