../mw/Third_Party/LwIP/src/apps/smtp/smtp.c:914:1:smtp_base64_encode	48	static
../mw/Third_Party/LwIP/src/apps/smtp/smtp.c:1141:1:smtp_prepare_mail	16	static
../mw/Third_Party/LwIP/src/apps/smtp/smtp.c:757:1:smtp_free	32	static
../mw/Third_Party/LwIP/src/apps/smtp/smtp.c:772:1:smtp_close	24	static
../mw/Third_Party/LwIP/src/apps/smtp/smtp.c:844:1:smtp_tcp_connected	16	static
../mw/Third_Party/LwIP/src/apps/smtp/smtp.c:794:1:smtp_tcp_err	0	static
../mw/Third_Party/LwIP/src/apps/smtp/smtp.c:1215:1:smtp_send_body	16	static
../mw/Third_Party/LwIP/src/apps/smtp/smtp.c:721:1:smtp_verify.constprop	0	static
../mw/Third_Party/LwIP/src/apps/smtp/smtp.c:484:1:smtp_send_mail_alloced	32	static
../mw/Third_Party/LwIP/src/apps/smtp/smtp.c:1265:1:smtp_process	56	static
../mw/Third_Party/LwIP/src/apps/smtp/smtp.c:819:1:smtp_tcp_sent	8	static
../mw/Third_Party/LwIP/src/apps/smtp/smtp.c:805:1:smtp_tcp_poll	8	static
../mw/Third_Party/LwIP/src/apps/smtp/smtp.c:830:1:smtp_tcp_recv	24	static
../mw/Third_Party/LwIP/src/apps/smtp/smtp.c:349:1:smtp_set_server_addr	16	static
../mw/Third_Party/LwIP/src/apps/smtp/smtp.c:375:1:smtp_set_server_port	0	static
../mw/Third_Party/LwIP/src/apps/smtp/smtp.c:402:1:smtp_set_auth	24	static
../mw/Third_Party/LwIP/src/apps/smtp/smtp.c:585:1:smtp_send_mail	64	static
../mw/Third_Party/LwIP/src/apps/smtp/smtp.c:640:1:smtp_send_mail_static	32	static
../mw/Third_Party/LwIP/src/apps/smtp/smtp.c:695:1:smtp_send_mail_int	32	static
